{
  "apiVersion": "0.0.1-alpha",
  "swaggerVersion": "1.2",
  "basePath": "http://localhost:TOMCAT_PORT/faux-service",
  "resourcePath": "/hello",
  "apis": [
    {
      "path": "/hello/echo",
      "operations": [
        {
          "method": "POST",
          "summary": "echo",
          "notes": "",
          "type": "PointlessThing",
          "nickname": "postEcho",
          "produces": ["application/json"],
          "consumes": ["application/json"],
          "parameters": [
            {
              "name": "body",
              "required": true,
              "type": "PointlessThing",
              "paramType": "body",
              "allowMultiple": false
            }
          ]
        }
      ]
    }
  ],
  "models": {
    "PointlessThing": {
      "id": "PointlessThing",
      "required": ["text"],
      "properties": {
        "text": {
          "type": "string",
          "description": "When you gaze long into an abyss, the abyss also gazes into you."
        }
      }
    }
  }
}
